// Jest Snapshot v1, https://goo.gl/fbAQLP

exports[`Hide profile settings toggle matches snapshot when false 1`] = `
<div>
  <style
    data-mantine-styles="classes"
  >
    @media (max-width: 35.99375em) {.mantine-visible-from-xs {display: none !important;}}@media (min-width: 36em) {.mantine-hidden-from-xs {display: none !important;}}@media (max-width: 47.99375em) {.mantine-visible-from-sm {display: none !important;}}@media (min-width: 48em) {.mantine-hidden-from-sm {display: none !important;}}@media (max-width: 61.99375em) {.mantine-visible-from-md {display: none !important;}}@media (min-width: 62em) {.mantine-hidden-from-md {display: none !important;}}@media (max-width: 74.99375em) {.mantine-visible-from-lg {display: none !important;}}@media (min-width: 75em) {.mantine-hidden-from-lg {display: none !important;}}@media (max-width: 87.99375em) {.mantine-visible-from-xl {display: none !important;}}@media (min-width: 88em) {.mantine-hidden-from-xl {display: none !important;}}
  </style>
  <div
    class="row"
  >
    <div
      class="col-md-1 text-md-end"
    />
    <div
      class="col-1"
    >
      <div
        class="form-check form-switch"
      >
        <input
          class="form-check-input"
          id=":r1:"
          role="switch"
          type="checkbox"
        />
      </div>
    </div>
    <div
      class="col-10"
    >
      <label
        class="form-check-label"
        for=":r1:"
      >
        <h4>
          Privacy.HideProfile.Title
        </h4>
      </label>
      <p>
        Privacy.HideProfile.Description
      </p>
    </div>
  </div>
</div>
`;

exports[`Hide profile settings toggle matches snapshot when loading 1`] = `
<div>
  <style
    data-mantine-styles="classes"
  >
    @media (max-width: 35.99375em) {.mantine-visible-from-xs {display: none !important;}}@media (min-width: 36em) {.mantine-hidden-from-xs {display: none !important;}}@media (max-width: 47.99375em) {.mantine-visible-from-sm {display: none !important;}}@media (min-width: 48em) {.mantine-hidden-from-sm {display: none !important;}}@media (max-width: 61.99375em) {.mantine-visible-from-md {display: none !important;}}@media (min-width: 62em) {.mantine-hidden-from-md {display: none !important;}}@media (max-width: 74.99375em) {.mantine-visible-from-lg {display: none !important;}}@media (min-width: 75em) {.mantine-hidden-from-lg {display: none !important;}}@media (max-width: 87.99375em) {.mantine-visible-from-xl {display: none !important;}}@media (min-width: 88em) {.mantine-hidden-from-xl {display: none !important;}}
  </style>
  <div
    class="spinner-border"
  />
</div>
`;

exports[`Hide profile settings toggle matches snapshot when true 1`] = `
<div>
  <style
    data-mantine-styles="classes"
  >
    @media (max-width: 35.99375em) {.mantine-visible-from-xs {display: none !important;}}@media (min-width: 36em) {.mantine-hidden-from-xs {display: none !important;}}@media (max-width: 47.99375em) {.mantine-visible-from-sm {display: none !important;}}@media (min-width: 48em) {.mantine-hidden-from-sm {display: none !important;}}@media (max-width: 61.99375em) {.mantine-visible-from-md {display: none !important;}}@media (min-width: 62em) {.mantine-hidden-from-md {display: none !important;}}@media (max-width: 74.99375em) {.mantine-visible-from-lg {display: none !important;}}@media (min-width: 75em) {.mantine-hidden-from-lg {display: none !important;}}@media (max-width: 87.99375em) {.mantine-visible-from-xl {display: none !important;}}@media (min-width: 88em) {.mantine-hidden-from-xl {display: none !important;}}
  </style>
  <div
    class="row"
  >
    <div
      class="col-md-1 text-md-end"
    />
    <div
      class="col-1"
    >
      <div
        class="form-check form-switch"
      >
        <input
          checked=""
          class="form-check-input"
          id=":r0:"
          role="switch"
          type="checkbox"
        />
      </div>
    </div>
    <div
      class="col-10"
    >
      <label
        class="form-check-label"
        for=":r0:"
      >
        <h4>
          Privacy.HideProfile.Title
        </h4>
      </label>
      <p>
        Privacy.HideProfile.Description
      </p>
    </div>
  </div>
</div>
`;
