// Jest Snapshot v1, https://goo.gl/fbAQLP

exports[`Person list Matches snapshot 1`] = `
<div>
  <style
    data-mantine-styles="classes"
  >
    @media (max-width: 35.99375em) {.mantine-visible-from-xs {display: none !important;}}@media (min-width: 36em) {.mantine-hidden-from-xs {display: none !important;}}@media (max-width: 47.99375em) {.mantine-visible-from-sm {display: none !important;}}@media (min-width: 48em) {.mantine-hidden-from-sm {display: none !important;}}@media (max-width: 61.99375em) {.mantine-visible-from-md {display: none !important;}}@media (min-width: 62em) {.mantine-hidden-from-md {display: none !important;}}@media (max-width: 74.99375em) {.mantine-visible-from-lg {display: none !important;}}@media (min-width: 75em) {.mantine-hidden-from-lg {display: none !important;}}@media (max-width: 87.99375em) {.mantine-visible-from-xl {display: none !important;}}@media (min-width: 88em) {.mantine-hidden-from-xl {display: none !important;}}
  </style>
  <div
    class="m_6d731127 mantine-Stack-root"
    style="--stack-gap: var(--mantine-spacing-md); --stack-align: stretch; --stack-justify: flex-start;"
  >
    <a
      class="link"
      href="app/profile/static-profile-0"
      role="button"
    >
      <div
        class="container"
      >
        <div
          class="avatar"
        >
          <img
            alt="name-0"
            class="image"
            data-nimg="1"
            decoding="async"
            height="40"
            loading="lazy"
            referrerpolicy="no-referrer"
            src="image-0"
            style="color: transparent;"
            width="40"
          />
        </div>
        <span
          class="name"
        >
          name-0
        </span>
        <span
          class="realName"
        >
          realName-0
        </span>
      </div>
    </a>
    <a
      class="link"
      href="app/profile/static-profile-1"
      role="button"
    >
      <div
        class="container"
      >
        <div
          class="avatar"
        >
          <img
            alt="name-1"
            class="image"
            data-nimg="1"
            decoding="async"
            height="40"
            loading="lazy"
            referrerpolicy="no-referrer"
            src="image-1"
            style="color: transparent;"
            width="40"
          />
        </div>
        <span
          class="name"
        >
          name-1
        </span>
        <span
          class="realName"
        >
          realName-1
        </span>
      </div>
    </a>
    <a
      class="link"
      href="app/profile/static-profile-2"
      role="button"
    >
      <div
        class="container"
      >
        <div
          class="avatar"
        >
          <img
            alt="name-2"
            class="image"
            data-nimg="1"
            decoding="async"
            height="40"
            loading="lazy"
            referrerpolicy="no-referrer"
            src="image-2"
            style="color: transparent;"
            width="40"
          />
        </div>
        <span
          class="name"
        >
          name-2
        </span>
        <span
          class="realName"
        >
          realName-2
        </span>
      </div>
    </a>
    <a
      class="link"
      href="app/profile/static-profile-3"
      role="button"
    >
      <div
        class="container"
      >
        <div
          class="avatar"
        >
          <img
            alt="name-3"
            class="image"
            data-nimg="1"
            decoding="async"
            height="40"
            loading="lazy"
            referrerpolicy="no-referrer"
            src="image-3"
            style="color: transparent;"
            width="40"
          />
        </div>
        <span
          class="name"
        >
          name-3
        </span>
        <span
          class="realName"
        >
          realName-3
        </span>
      </div>
    </a>
    <a
      class="link"
      href="app/profile/static-profile-4"
      role="button"
    >
      <div
        class="container"
      >
        <div
          class="avatar"
        >
          <img
            alt="name-4"
            class="image"
            data-nimg="1"
            decoding="async"
            height="40"
            loading="lazy"
            referrerpolicy="no-referrer"
            src="image-4"
            style="color: transparent;"
            width="40"
          />
        </div>
        <span
          class="name"
        >
          name-4
        </span>
        <span
          class="realName"
        >
          realName-4
        </span>
      </div>
    </a>
    <a
      class="link"
      href="app/profile/static-profile-5"
      role="button"
    >
      <div
        class="container"
      >
        <div
          class="avatar"
        >
          <img
            alt="name-5"
            class="image"
            data-nimg="1"
            decoding="async"
            height="40"
            loading="lazy"
            referrerpolicy="no-referrer"
            src="image-5"
            style="color: transparent;"
            width="40"
          />
        </div>
        <span
          class="name"
        >
          name-5
        </span>
        <span
          class="realName"
        >
          realName-5
        </span>
      </div>
    </a>
    <a
      class="link"
      href="app/profile/static-profile-6"
      role="button"
    >
      <div
        class="container"
      >
        <div
          class="avatar"
        >
          <img
            alt="name-6"
            class="image"
            data-nimg="1"
            decoding="async"
            height="40"
            loading="lazy"
            referrerpolicy="no-referrer"
            src="image-6"
            style="color: transparent;"
            width="40"
          />
        </div>
        <span
          class="name"
        >
          name-6
        </span>
        <span
          class="realName"
        >
          realName-6
        </span>
      </div>
    </a>
    <a
      class="link"
      href="app/profile/static-profile-7"
      role="button"
    >
      <div
        class="container"
      >
        <div
          class="avatar"
        >
          <img
            alt="name-7"
            class="image"
            data-nimg="1"
            decoding="async"
            height="40"
            loading="lazy"
            referrerpolicy="no-referrer"
            src="image-7"
            style="color: transparent;"
            width="40"
          />
        </div>
        <span
          class="name"
        >
          name-7
        </span>
        <span
          class="realName"
        >
          realName-7
        </span>
      </div>
    </a>
    <a
      class="link"
      href="app/profile/static-profile-8"
      role="button"
    >
      <div
        class="container"
      >
        <div
          class="avatar"
        >
          <img
            alt="name-8"
            class="image"
            data-nimg="1"
            decoding="async"
            height="40"
            loading="lazy"
            referrerpolicy="no-referrer"
            src="image-8"
            style="color: transparent;"
            width="40"
          />
        </div>
        <span
          class="name"
        >
          name-8
        </span>
        <span
          class="realName"
        >
          realName-8
        </span>
      </div>
    </a>
    <a
      class="link"
      href="app/profile/static-profile-9"
      role="button"
    >
      <div
        class="container"
      >
        <div
          class="avatar"
        >
          <img
            alt="name-9"
            class="image"
            data-nimg="1"
            decoding="async"
            height="40"
            loading="lazy"
            referrerpolicy="no-referrer"
            src="image-9"
            style="color: transparent;"
            width="40"
          />
        </div>
        <span
          class="name"
        >
          name-9
        </span>
        <span
          class="realName"
        >
          realName-9
        </span>
      </div>
    </a>
  </div>
</div>
`;
