// Jest Snapshot v1, https://goo.gl/fbAQLP

exports[`Profile real name matches snapshot 1`] = `
<div>
  <style
    data-mantine-styles="classes"
  >
    @media (max-width: 35.99375em) {.mantine-visible-from-xs {display: none !important;}}@media (min-width: 36em) {.mantine-hidden-from-xs {display: none !important;}}@media (max-width: 47.99375em) {.mantine-visible-from-sm {display: none !important;}}@media (min-width: 48em) {.mantine-hidden-from-sm {display: none !important;}}@media (max-width: 61.99375em) {.mantine-visible-from-md {display: none !important;}}@media (min-width: 62em) {.mantine-hidden-from-md {display: none !important;}}@media (max-width: 74.99375em) {.mantine-visible-from-lg {display: none !important;}}@media (min-width: 75em) {.mantine-hidden-from-lg {display: none !important;}}@media (max-width: 87.99375em) {.mantine-visible-from-xl {display: none !important;}}@media (min-width: 88em) {.mantine-hidden-from-xl {display: none !important;}}
  </style>
  <h3
    class="m-8a5d1357 mantine-Title-root"
    data-order="3"
    style="--title-fw: var(--mantine-h3-font-weight); --title-lh: var(--mantine-h3-line-height); --title-fz: var(--mantine-h3-font-size); font-weight: 200;"
  >
    Test username
  </h3>
</div>
`;
